// Jest Snapshot v1, https://goo.gl/fbAQLP

exports[`new/local/app/ui should utilize the dependency APIs correctly 1`] = `
Object {
  "react-dom": "^16.10.1",
}
`;
