// Jest Snapshot v1, https://goo.gl/fbAQLP

exports[`new/local/app/ui/logo should render 1`] = `
<svg
  aria-label="Lucas Montenegro logo"
  height="32"
  width="32"
>
  logo.svg
</svg>
`;
