// Jest Snapshot v1, https://goo.gl/fbAQLP

exports[`new/local/app/ui/throwPropTypeErrors should utilize the dependency APIs correctly 1`] = `
Object {
  "prop-types": "^15.7.2",
}
`;
