// Jest Snapshot v1, https://goo.gl/fbAQLP

exports[`../default-avatar.svg <ReactComponent /> should render 1`] = `
<svg>
  default-avatar.svg
</svg>
`;

exports[`../default-avatar.svg external dependencies react should match the installed version 1`] = `"^16.10.1"`;

exports[`../default-avatar.svg external dependencies react-scripts should match the installed version 1`] = `"^3.3.1"`;

exports[`../default-avatar.svg external dependencies react-test-renderer should match the installed version 1`] = `"^16.10.1"`;
