// Jest Snapshot v1, https://goo.gl/fbAQLP

exports[`./index.js external dependencies bluebird should match the installed version 1`] = `"^3.5.5"`;

exports[`./index.js external dependencies stringify-object should match the installed version 1`] = `"^3.3.0"`;
