// Jest Snapshot v1, https://goo.gl/fbAQLP

exports[`lib/server/handleClusterExit should log 1`] = `
Array [
  Array [
    "console.log",
    Array [
      "Node cluster worker 'worker.process.pid' exited: code 'code', signal 'signal'",
    ],
  ],
]
`;
