// Jest Snapshot v1, https://goo.gl/fbAQLP

exports[`../requiredEnv local dependencies lib/utils/globals should match the saved hash 1`] = `"658dffcc9a7d7107301d9ee254ba487ada2e2497635e046c509db0828ff3533f"`;
