// Jest Snapshot v1, https://goo.gl/fbAQLP

exports[`lib/routing/Router/findLanguage404 should use the right dependency versions 1`] = `
Object {
  "react-router-dom": "^5.1.2",
}
`;
