// Jest Snapshot v1, https://goo.gl/fbAQLP

exports[`server/api should use the right dependency versions 1`] = `
Object {
  "express": "^4.17.1",
}
`;
