// Jest Snapshot v1, https://goo.gl/fbAQLP

exports[`../Router should use the right versions of its dependencies 1`] = `
Object {
  "react-router-dom": "^5.1.2",
}
`;
