// Jest Snapshot v1, https://goo.gl/fbAQLP

exports[`new/local/postgres should re-export 1`] = `
Array [
  Array [],
  Array [],
]
`;
