// Jest Snapshot v1, https://goo.gl/fbAQLP

exports[`local/utils/syncRequestHandler should utilize the dependency APIs correctly 1`] = `
Object {
  "express": "^4.17.1",
}
`;
